// Jest Snapshot v1, https://goo.gl/fbAQLP

exports[`Pruebas de <HookApp />)  debe mostrar el componenete correctamente 1`] = `
<div>
  <h1>
    Hola Mundo
  </h1>
</div>
`;
